// Jest Snapshot v1, https://goo.gl/fbAQLP

exports[`renders correctly 1`] = `"<header><ul><li><img src=\\"/images/asylum-connect-logo.png\\" title=\\"Asylum Connect\\" alt=\\"Asylum Connect\\" style=\\"width:100px\\"/></li><li><a href=\\"/\\">Log In</a></li><li><a href=\\"/\\">Sign up</a></li></ul></header>"`;
